// Jest Snapshot v1, https://goo.gl/fbAQLP

exports[`renders as expected 1`] = `
<div
  className="sidebar"
>
  <img
    alt="tract-logo"
    className="topbar-logo-image"
    src="https://1000logos.net/wp-content/uploads/2017/11/Chipotle-Logo.png"
  />
  <a
    className="navbar-brand"
    href="www.mattseidholz.com/"
  >
    Tract
  </a>
  <div
    className="flex-column nav"
    onKeyDown={[Function]}
  >
    <div
      className="navlink-span"
    >
      <div
        className="testNavChild"
      >
        Item
      </div>
    </div>
    <div
      className="navlink-span"
    >
      <div
        className="testNavChild2"
      >
        Item2
      </div>
    </div>
  </div>
</div>
`;
