// Jest Snapshot v1, https://goo.gl/fbAQLP

exports[`renders as expected 1`] = `
<div
  className="container-fluid"
>
  <div
    className="topbar-row row"
  >
    <div
      className="col-12"
      id="topbar-wrapper"
    >
      <div
        className="topbar"
      >
        <nav
          className="navbar navbar-expand-lg navbar-light"
        >
          <img
            alt="tract-logo"
            className="topbar-logo-image"
            src="https://1000logos.net/wp-content/uploads/2017/11/Chipotle-Logo.png"
          />
          <a
            className="navbar-brand"
            href="www.mattseidholz.com/"
          >
            Tract
          </a>
          <div
            className="collapse navbar-collapse"
            id="navbarSupportedContent"
          />
          <div
            className="avatar-dropdown-button dropdown"
            onKeyDown={[Function]}
          >
            <button
              aria-expanded={false}
              aria-haspopup={true}
              className="dropdown-toggle btn btn-primary"
              disabled={false}
              onClick={[Function]}
              type="button"
            >
              <img
                alt="Avatarimage"
                className="topbar-avatar-image"
                src="https://cdn.iconscout.com/icon/free/png-256/avatar-375-456327.png"
              />
               
              Hi, USER
            </button>
          </div>
        </nav>
      </div>
    </div>
  </div>
  <div
    className="body-row row"
  >
    <div
      className="sidebar-wrapper-col col"
      id="sidebar-wrapper"
    >
      <div
        className="sidebar flex-column nav"
        onKeyDown={[Function]}
      >
        <div
          className="navlink-span"
        >
          <a
            aria-current={null}
            className="nav-item"
            href="/home"
            onClick={[Function]}
          >
             
            <span
              className="nav-title"
            >
              Home 
            </span>
            <span
              className="fa fa-home menu-icon"
            />
          </a>
        </div>
        <div
          className="navlink-span"
        >
          <a
            aria-current={null}
            className="nav-item"
            href="/team"
            onClick={[Function]}
          >
            Team 
            <i
              className="fa fa-cog"
            />
          </a>
        </div>
        <div
          className="navlink-span"
        >
          <a
            aria-current={null}
            className="nav-item"
            href="/projects"
            onClick={[Function]}
          >
            Projects 
            <i
              className="fa fa-briefcase"
            />
          </a>
        </div>
        <div
          className="navlink-span"
        >
          <a
            aria-current={null}
            className="nav-item"
            href="/tickets"
            onClick={[Function]}
          >
            Tickets 
            <i
              className="fa fa-file"
            />
          </a>
        </div>
        <div
          className="navlink-span"
        >
          <a
            aria-current={null}
            className="nav-item"
            href="/financials"
            onClick={[Function]}
          >
            <span
              className="nav-title"
            >
              Financials 
            </span>
            <span
              className="fa fa-dollar menu-icon"
            />
          </a>
        </div>
        <div
          className="navlink-span"
        >
          <div
            class="h-divider"
          />
        </div>
        <div
          className="navlink-span"
        >
          <a
            aria-current={null}
            className="nav-item"
            href="/profile"
            onClick={[Function]}
          >
            Profile 
            <i
              className="fa fa-user"
            />
          </a>
        </div>
        <div
          className="navlink-span"
        >
          <a
            aria-current={null}
            className="nav-item"
            href="/exit"
            onClick={[Function]}
          >
            Sign Out 
            <i
              className="fa fa-sign-out"
            />
          </a>
        </div>
      </div>
    </div>
    <div
      className="col-8"
      id="page-content-wrapper"
    />
  </div>
</div>
`;
